// Jest Snapshot v1, https://goo.gl/fbAQLP

exports[`HeroIntro should renders with HeroIntro content 1`] = `
<DocumentFragment>
  <div
    class="hero-intro MuiBox-root css-10m0cap"
  >
    <div
      class="MuiContainer-root MuiContainer-maxWidthSm css-cuefkz-MuiContainer-root"
    >
      <h1
        class="MuiTypography-root MuiTypography-h2 MuiTypography-alignCenter MuiTypography-gutterBottom css-10759ka-MuiTypography-root"
      >
        A better way to enjoy everyday.
      </h1>
      <p
        class="MuiTypography-root MuiTypography-h5 MuiTypography-alignCenter MuiTypography-paragraph css-17rfbpd-MuiTypography-root"
      >
        Be the first to know when we launch.
      </p>
      <div
        class="MuiStack-root css-kof1v3-MuiStack-root"
      >
        <button
          class="MuiButtonBase-root MuiButton-root MuiButton-contained MuiButton-containedPrimary MuiButton-sizeMedium MuiButton-containedSizeMedium MuiButton-root MuiButton-contained MuiButton-containedPrimary MuiButton-sizeMedium MuiButton-containedSizeMedium css-sghohy-MuiButtonBase-root-MuiButton-root"
          tabindex="0"
          type="button"
        >
          Request an invite
          <span
            class="MuiTouchRipple-root css-8je8zh-MuiTouchRipple-root"
          />
        </button>
      </div>
    </div>
  </div>
</DocumentFragment>
`;
